2025-11-19 11:46:48,831 INFO o.a.j.u.JMeterUtils: Setting Locale to en_EN
2025-11-19 11:46:48,862 INFO o.a.j.JMeter: Loading user properties from: C:\apache-jmeter-5.6.3\bin\user.properties
2025-11-19 11:46:48,862 INFO o.a.j.JMeter: Loading system properties from: C:\apache-jmeter-5.6.3\bin\system.properties
2025-11-19 11:46:48,877 INFO o.a.j.JMeter: Copyright (c) 1998-2024 The Apache Software Foundation
2025-11-19 11:46:48,877 INFO o.a.j.JMeter: Version 5.6.3
2025-11-19 11:46:48,877 INFO o.a.j.JMeter: java.version=17.0.12
2025-11-19 11:46:48,877 INFO o.a.j.JMeter: java.vm.name=Java HotSpot(TM) 64-Bit Server VM
2025-11-19 11:46:48,877 INFO o.a.j.JMeter: os.name=Windows 10
2025-11-19 11:46:48,877 INFO o.a.j.JMeter: os.arch=amd64
2025-11-19 11:46:48,877 INFO o.a.j.JMeter: os.version=10.0
2025-11-19 11:46:48,877 INFO o.a.j.JMeter: file.encoding=Cp1252
2025-11-19 11:46:48,877 INFO o.a.j.JMeter: java.awt.headless=true
2025-11-19 11:46:48,877 INFO o.a.j.JMeter: Max memory     =1073741824
2025-11-19 11:46:48,877 INFO o.a.j.JMeter: Available Processors =4
2025-11-19 11:46:48,893 INFO o.a.j.JMeter: Default Locale=English (EN)
2025-11-19 11:46:48,893 INFO o.a.j.JMeter: JMeter  Locale=English (EN)
2025-11-19 11:46:48,893 INFO o.a.j.JMeter: JMeterHome=C:\apache-jmeter-5.6.3
2025-11-19 11:46:48,893 INFO o.a.j.JMeter: user.dir  =C:\Users\Administrator\Desktop\Jmeter-scripts
2025-11-19 11:46:48,893 INFO o.a.j.JMeter: PWD       =C:\Users\Administrator\Desktop\Jmeter-scripts
2025-11-19 11:46:48,893 INFO o.a.j.JMeter: IP: 172.19.44.103 Name: dd72f958a8a75a6 FullName: 172.19.44.103
2025-11-19 11:46:48,909 INFO o.a.j.JMeter: Setting property 'jmeter.reportgenerator.outputdir' to:'C:\Users\Administrator\Desktop\Jmeter-scripts\reports'
2025-11-19 11:46:48,909 INFO o.a.j.s.FileServer: Default base='C:\Users\Administrator\Desktop\Jmeter-scripts'
2025-11-19 11:46:48,909 INFO o.a.j.s.FileServer: Set new base='C:\Users\Administrator\Desktop\Jmeter-scripts'
2025-11-19 11:46:49,174 INFO o.a.j.s.SaveService: Testplan (JMX) version: 2.2. Testlog (JTL) version: 2.2
2025-11-19 11:46:49,206 INFO o.a.j.s.SaveService: Using SaveService properties version 5.0
2025-11-19 11:46:49,221 INFO o.a.j.s.SaveService: Using SaveService properties file encoding UTF-8
2025-11-19 11:46:49,221 INFO o.a.j.s.SaveService: Loading file: Test Plan.jmx
2025-11-19 11:46:49,283 INFO o.a.j.p.h.s.HTTPSamplerBase: Parser for text/html is org.apache.jmeter.protocol.http.parser.LagartoBasedHtmlParser
2025-11-19 11:46:49,283 INFO o.a.j.p.h.s.HTTPSamplerBase: Parser for application/xhtml+xml is org.apache.jmeter.protocol.http.parser.LagartoBasedHtmlParser
2025-11-19 11:46:49,283 INFO o.a.j.p.h.s.HTTPSamplerBase: Parser for application/xml is org.apache.jmeter.protocol.http.parser.LagartoBasedHtmlParser
2025-11-19 11:46:49,283 INFO o.a.j.p.h.s.HTTPSamplerBase: Parser for text/xml is org.apache.jmeter.protocol.http.parser.LagartoBasedHtmlParser
2025-11-19 11:46:49,283 INFO o.a.j.p.h.s.HTTPSamplerBase: Parser for text/vnd.wap.wml is org.apache.jmeter.protocol.http.parser.RegexpHTMLParser
2025-11-19 11:46:49,283 INFO o.a.j.p.h.s.HTTPSamplerBase: Parser for text/css is org.apache.jmeter.protocol.http.parser.CssParser
2025-11-19 11:46:49,330 INFO o.a.j.JMeter: Creating summariser <summary>
2025-11-19 11:46:49,346 INFO o.a.j.r.d.ReportGenerator: ReportGenerator will use for Parsing the separator: ','
2025-11-19 11:46:49,346 INFO o.a.j.r.d.ReportGenerator: Will generate report at end of test from  results file: report.jtl
2025-11-19 11:46:49,346 INFO o.a.j.r.d.ReportGenerator: Reading report generator properties from: C:\apache-jmeter-5.6.3\bin\reportgenerator.properties
2025-11-19 11:46:49,362 INFO o.a.j.r.d.ReportGenerator: Merging with JMeter properties
2025-11-19 11:46:49,377 INFO o.a.j.r.c.ReportGeneratorConfiguration: Property 'jmeter.reportgenerator.temp_dir' not found, using default value 'temp' instead.
2025-11-19 11:46:49,377 INFO o.a.j.r.c.ReportGeneratorConfiguration: Property 'jmeter.reportgenerator.apdex_per_transaction' not found, using default value 'null' instead.
2025-11-19 11:46:49,377 INFO o.a.j.r.c.ReportGeneratorConfiguration: apdex_per_transaction is empty, not APDEX per transaction customization
2025-11-19 11:46:49,377 INFO o.a.j.r.c.ReportGeneratorConfiguration: Property 'jmeter.reportgenerator.sample_filter' not found, using default value 'null' instead.
2025-11-19 11:46:49,377 INFO o.a.j.r.c.ReportGeneratorConfiguration: Property 'jmeter.reportgenerator.report_title' not found, using default value 'null' instead.
2025-11-19 11:46:49,377 INFO o.a.j.r.c.ReportGeneratorConfiguration: Property 'jmeter.reportgenerator.start_date' not found, using default value 'null' instead.
2025-11-19 11:46:49,377 INFO o.a.j.r.c.ReportGeneratorConfiguration: Property 'jmeter.reportgenerator.end_date' not found, using default value 'null' instead.
2025-11-19 11:46:49,377 INFO o.a.j.r.c.ReportGeneratorConfiguration: Property 'jmeter.reportgenerator.date_format' not found, using default value 'null' instead.
2025-11-19 11:46:49,377 INFO o.a.j.r.c.ReportGeneratorConfiguration: Will use date range start date: null, end date: null
2025-11-19 11:46:49,377 INFO o.a.j.r.c.ReportGeneratorConfiguration: Property 'jmeter.reportgenerator.graph.totalTPS.exclude_controllers' not found, using default value 'false' instead.
2025-11-19 11:46:49,377 INFO o.a.j.r.c.ReportGeneratorConfiguration: Property 'jmeter.reportgenerator.graph.activeThreadsOverTime.exclude_controllers' not found, using default value 'false' instead.
2025-11-19 11:46:49,377 INFO o.a.j.r.c.ReportGeneratorConfiguration: Property 'jmeter.reportgenerator.graph.timeVsThreads.exclude_controllers' not found, using default value 'false' instead.
2025-11-19 11:46:49,377 INFO o.a.j.r.c.ReportGeneratorConfiguration: Property 'jmeter.reportgenerator.graph.responseTimeDistribution.exclude_controllers' not found, using default value 'false' instead.
2025-11-19 11:46:49,377 INFO o.a.j.r.c.ReportGeneratorConfiguration: Property 'jmeter.reportgenerator.graph.transactionsPerSecond.exclude_controllers' not found, using default value 'false' instead.
2025-11-19 11:46:49,377 INFO o.a.j.r.c.ReportGeneratorConfiguration: Property 'jmeter.reportgenerator.graph.responseTimePercentiles.exclude_controllers' not found, using default value 'false' instead.
2025-11-19 11:46:49,377 INFO o.a.j.r.c.ReportGeneratorConfiguration: Property 'jmeter.reportgenerator.graph.responseTimePercentilesOverTime.exclude_controllers' not found, using default value 'false' instead.
2025-11-19 11:46:49,377 INFO o.a.j.r.c.ReportGeneratorConfiguration: Property 'jmeter.reportgenerator.graph.responseTimesOverTime.exclude_controllers' not found, using default value 'false' instead.
2025-11-19 11:46:49,377 INFO o.a.j.r.c.ReportGeneratorConfiguration: Property 'jmeter.reportgenerator.graph.connectTimeOverTime.exclude_controllers' not found, using default value 'false' instead.
2025-11-19 11:46:49,377 INFO o.a.j.r.c.ReportGeneratorConfiguration: Property 'jmeter.reportgenerator.graph.latenciesOverTime.exclude_controllers' not found, using default value 'false' instead.
2025-11-19 11:46:49,377 INFO o.a.j.r.c.ReportGeneratorConfiguration: Property 'jmeter.reportgenerator.exporter.json.filters_only_sample_series' not found, using default value 'true' instead.
2025-11-19 11:46:49,377 INFO o.a.j.r.c.ReportGeneratorConfiguration: Property 'jmeter.reportgenerator.exporter.json.series_filter' not found, using default value '' instead.
2025-11-19 11:46:49,377 INFO o.a.j.r.c.ReportGeneratorConfiguration: Property 'jmeter.reportgenerator.exporter.json.show_controllers_only' not found, using default value 'false' instead.
2025-11-19 11:46:49,377 INFO o.a.j.r.c.ReportGeneratorConfiguration: Property 'jmeter.reportgenerator.exporter.html.filters_only_sample_series' not found, using default value 'true' instead.
2025-11-19 11:46:49,377 INFO o.a.j.r.c.ReportGeneratorConfiguration: Property 'jmeter.reportgenerator.exporter.html.series_filter' not found, using default value '' instead.
2025-11-19 11:46:49,377 INFO o.a.j.r.c.ReportGeneratorConfiguration: Property 'jmeter.reportgenerator.exporter.html.show_controllers_only' not found, using default value 'false' instead.
2025-11-19 11:46:49,408 INFO o.a.j.e.StandardJMeterEngine: Running the test!
2025-11-19 11:46:49,408 INFO o.a.j.s.SampleEvent: List of sample_variables: []
2025-11-19 11:46:49,408 INFO o.a.j.s.SampleEvent: List of sample_variables: []
2025-11-19 11:46:49,408 INFO o.a.j.e.u.CompoundVariable: Note: Function class names must contain the string: '.functions.'
2025-11-19 11:46:49,408 INFO o.a.j.e.u.CompoundVariable: Note: Function class names must not contain the string: '.gui.'
2025-11-19 11:46:49,502 INFO o.a.j.JMeter: Running test (1763533009502)
2025-11-19 11:46:49,533 INFO o.a.j.e.StandardJMeterEngine: Starting ThreadGroup: 1 : Thread Group
2025-11-19 11:46:49,533 INFO o.a.j.e.StandardJMeterEngine: Starting 1 threads for group Thread Group.
2025-11-19 11:46:49,533 INFO o.a.j.e.StandardJMeterEngine: Thread will continue on error
2025-11-19 11:46:49,533 INFO o.a.j.t.ThreadGroup: Starting thread group... number=1 threads=1 ramp-up=1 delayedStart=false
2025-11-19 11:46:49,533 INFO o.a.j.t.ThreadGroup: Started thread group number 1
2025-11-19 11:46:49,533 INFO o.a.j.e.StandardJMeterEngine: All thread groups have been started
2025-11-19 11:46:49,549 INFO o.a.j.t.JMeterThread: Thread started: Thread Group 1-1
2025-11-19 11:46:49,565 INFO o.a.j.p.h.s.HTTPHCAbstractImpl: Local host = dd72f958a8a75a6
2025-11-19 11:46:49,565 INFO o.a.j.p.h.s.HTTPHC4Impl: HTTP request retry count = 0
2025-11-19 11:46:49,565 INFO o.a.j.s.SampleResult: Note: Sample TimeStamps are START times
2025-11-19 11:46:49,565 INFO o.a.j.s.SampleResult: sampleresult.default.encoding is set to UTF-8
2025-11-19 11:46:49,565 INFO o.a.j.s.SampleResult: sampleresult.useNanoTime=true
2025-11-19 11:46:49,565 INFO o.a.j.s.SampleResult: sampleresult.nanoThreadSleep=5000
2025-11-19 11:46:49,705 INFO o.a.j.p.h.s.h.LazyLayeredConnectionSocketFactory: Setting up HTTPS TrustAll Socket Factory
2025-11-19 11:46:49,721 INFO o.a.j.u.JsseSSLManager: Using default SSL protocol: TLS
2025-11-19 11:46:49,721 INFO o.a.j.u.JsseSSLManager: SSL session context: per-thread
2025-11-19 11:46:49,830 INFO o.a.j.u.SSLManager: JmeterKeyStore Location:  type JKS
2025-11-19 11:46:49,830 INFO o.a.j.u.SSLManager: KeyStore created OK
2025-11-19 11:46:49,830 WARN o.a.j.u.SSLManager: Keystore file not found, loading empty keystore
2025-11-19 11:46:50,940 INFO o.a.j.t.JMeterThread: Thread is done: Thread Group 1-1
2025-11-19 11:46:50,940 INFO o.a.j.t.JMeterThread: Thread finished: Thread Group 1-1
2025-11-19 11:46:50,940 INFO o.a.j.e.StandardJMeterEngine: Notifying test listeners of end of test
2025-11-19 11:46:50,940 INFO o.a.j.r.Summariser: summary =      3 in 00:00:01 =    2.1/s Avg:   425 Min:   264 Max:   745 Err:     0 (0.00%)
2025-11-19 11:46:50,956 INFO o.a.j.JMeter: Generating Dashboard
2025-11-19 11:46:50,956 INFO o.a.j.r.d.ReportGenerator: Flushing result collector before report Generation
2025-11-19 11:46:50,971 INFO o.a.j.r.p.NormalizerSampleConsumer: Using format, 'ms', to parse timeStamp field
2025-11-19 11:46:51,033 INFO o.a.j.r.p.AbstractSampleConsumer: class org.apache.jmeter.report.processor.AggregateConsumer#stopProducing(): beginDate produced 0 samples
2025-11-19 11:46:51,033 INFO o.a.j.r.p.AbstractSampleConsumer: class org.apache.jmeter.report.processor.AggregateConsumer#stopProducing(): endDate produced 0 samples
2025-11-19 11:46:51,049 INFO o.a.j.r.p.AbstractSampleConsumer: class org.apache.jmeter.report.processor.ApdexSummaryConsumer#stopProducing(): apdexSummary produced 0 samples
2025-11-19 11:46:51,049 INFO o.a.j.r.p.AbstractSampleConsumer: class org.apache.jmeter.report.processor.RequestsSummaryConsumer#stopProducing(): requestsSummary produced 0 samples
2025-11-19 11:46:51,049 INFO o.a.j.r.p.AbstractSampleConsumer: class org.apache.jmeter.report.processor.StatisticsSummaryConsumer#stopProducing(): statisticsSummary produced 0 samples
2025-11-19 11:46:51,049 INFO o.a.j.r.p.AbstractSampleConsumer: class org.apache.jmeter.report.processor.Top5ErrorsBySamplerConsumer#stopProducing(): top5ErrorsBySampler produced 0 samples
2025-11-19 11:46:51,049 INFO o.a.j.r.p.AbstractSampleConsumer: class org.apache.jmeter.report.processor.ErrorsSummaryConsumer#stopProducing(): errorsSummary produced 0 samples
2025-11-19 11:46:51,049 INFO o.a.j.r.p.AbstractSampleConsumer: class org.apache.jmeter.report.processor.graph.impl.HitsPerSecondGraphConsumer#stopProducing(): hitsPerSecond produced 0 samples
2025-11-19 11:46:51,065 INFO o.a.j.r.p.AbstractSampleConsumer: class org.apache.jmeter.report.processor.graph.impl.LatencyVSRequestGraphConsumer#stopProducing(): latencyVsRequest produced 0 samples
2025-11-19 11:46:51,065 INFO o.a.j.r.p.AbstractSampleConsumer: class org.apache.jmeter.report.processor.graph.impl.SyntheticResponseTimeDistributionGraphConsumer#stopProducing(): syntheticResponseTimeDistribution produced 0 samples
2025-11-19 11:46:51,065 INFO o.a.j.r.p.AbstractSampleConsumer: class org.apache.jmeter.report.processor.graph.impl.BytesThroughputGraphConsumer#stopProducing(): bytesThroughputOverTime produced 0 samples
2025-11-19 11:46:51,065 INFO o.a.j.r.p.AbstractSampleConsumer: class org.apache.jmeter.report.processor.graph.impl.CodesPerSecondGraphConsumer#stopProducing(): codesPerSecond produced 0 samples
2025-11-19 11:46:51,065 INFO o.a.j.r.p.AbstractSampleConsumer: class org.apache.jmeter.report.processor.graph.impl.ResponseTimeVSRequestGraphConsumer#stopProducing(): responseTimeVsRequest produced 0 samples
2025-11-19 11:46:51,065 INFO o.a.j.r.p.AbstractSampleConsumer: class org.apache.jmeter.report.processor.FilterConsumer#stopProducing(): startIntervalControlerFilter produced 21 samples
2025-11-19 11:46:51,065 INFO o.a.j.r.p.AbstractSampleConsumer: class org.apache.jmeter.report.processor.graph.impl.TotalTPSGraphConsumer#stopProducing(): totalTPS produced 0 samples
2025-11-19 11:46:51,080 INFO o.a.j.r.p.AbstractSampleConsumer: class org.apache.jmeter.report.processor.graph.impl.ActiveThreadsGraphConsumer#stopProducing(): activeThreadsOverTime produced 0 samples
2025-11-19 11:46:51,080 INFO o.a.j.r.p.AbstractSampleConsumer: class org.apache.jmeter.report.processor.graph.impl.TimeVSThreadGraphConsumer#stopProducing(): timeVsThreads produced 0 samples
2025-11-19 11:46:51,080 INFO o.a.j.r.p.AbstractSampleConsumer: class org.apache.jmeter.report.processor.graph.impl.ResponseTimeDistributionGraphConsumer#stopProducing(): responseTimeDistribution produced 0 samples
2025-11-19 11:46:51,080 INFO o.a.j.r.p.AbstractSampleConsumer: class org.apache.jmeter.report.processor.graph.impl.TransactionsPerSecondGraphConsumer#stopProducing(): transactionsPerSecond produced 0 samples
2025-11-19 11:46:51,080 INFO o.a.j.r.p.AbstractSampleConsumer: class org.apache.jmeter.report.processor.graph.impl.ResponseTimePercentilesGraphConsumer#stopProducing(): responseTimePercentiles produced 0 samples
2025-11-19 11:46:51,080 INFO o.a.j.r.p.AbstractSampleConsumer: class org.apache.jmeter.report.processor.graph.impl.ResponseTimePercentilesOverTimeGraphConsumer#stopProducing(): responseTimePercentilesOverTime produced 0 samples
2025-11-19 11:46:51,080 INFO o.a.j.r.p.AbstractSampleConsumer: class org.apache.jmeter.report.processor.graph.impl.ResponseTimeOverTimeGraphConsumer#stopProducing(): responseTimesOverTime produced 0 samples
2025-11-19 11:46:51,080 INFO o.a.j.r.p.AbstractSampleConsumer: class org.apache.jmeter.report.processor.graph.impl.ConnectTimeOverTimeGraphConsumer#stopProducing(): connectTimeOverTime produced 0 samples
2025-11-19 11:46:51,080 INFO o.a.j.r.p.AbstractSampleConsumer: class org.apache.jmeter.report.processor.graph.impl.LatencyOverTimeGraphConsumer#stopProducing(): latenciesOverTime produced 0 samples
2025-11-19 11:46:51,080 INFO o.a.j.r.p.AbstractSampleConsumer: class org.apache.jmeter.report.processor.FilterConsumer#stopProducing(): nameFilter produced 45 samples
2025-11-19 11:46:51,080 INFO o.a.j.r.p.AbstractSampleConsumer: class org.apache.jmeter.report.processor.FilterConsumer#stopProducing(): dateRangeFilter produced 9 samples
2025-11-19 11:46:51,080 INFO o.a.j.r.p.AbstractSampleConsumer: class org.apache.jmeter.report.processor.NormalizerSampleConsumer#stopProducing(): normalizer produced 3 samples
2025-11-19 11:46:51,080 INFO o.a.j.r.p.CsvFileSampleSource: produce(): 3 samples produced in 78ms on channel 0
2025-11-19 11:46:51,080 INFO o.a.j.r.d.ReportGenerator: Exporting data using exporter:'json' of className:'org.apache.jmeter.report.dashboard.JsonExporter'
2025-11-19 11:46:51,205 INFO o.a.j.r.d.JsonExporter: Found data for consumer statisticsSummary in context
2025-11-19 11:46:51,205 INFO o.a.j.r.d.JsonExporter: Creating statistics for overall
2025-11-19 11:46:51,205 INFO o.a.j.r.d.JsonExporter: Creating statistics for other transactions
2025-11-19 11:46:51,205 INFO o.a.j.r.d.JsonExporter: Checking output folder
2025-11-19 11:46:51,205 INFO o.a.j.r.d.JsonExporter: Writing statistics JSON to C:\Users\Administrator\Desktop\Jmeter-scripts\reports\statistics.json
2025-11-19 11:46:51,268 INFO o.a.j.r.d.ReportGenerator: Exporting data using exporter:'html' of className:'org.apache.jmeter.report.dashboard.HtmlTemplateExporter'
2025-11-19 11:46:51,268 INFO o.a.j.r.d.HtmlTemplateExporter: Will generate dashboard in folder: C:\Users\Administrator\Desktop\Jmeter-scripts\reports
2025-11-19 11:46:51,440 INFO o.a.j.r.d.HtmlTemplateExporter: Report will be generated in: C:\Users\Administrator\Desktop\Jmeter-scripts\reports, creating folder structure
2025-11-19 11:46:51,440 INFO o.a.j.r.d.TemplateVisitor: Copying folder from 'C:\apache-jmeter-5.6.3\bin\report-template' to 'C:\Users\Administrator\Desktop\Jmeter-scripts\reports', got message: C:\Users\Administrator\Desktop\Jmeter-scripts\reports, found non empty folder with following content [C:\Users\Administrator\Desktop\Jmeter-scripts\reports\statistics.json], will be ignored
2025-11-19 11:46:52,346 INFO o.a.j.JMeter: Dashboard generated
